     1	Line 1: This is the first line.
     2	Line 2: This is the second line.
     3	Line 3: This is the third line.
     4	Line 4: This is the fourth line.
     5	Line 5: This is the fifth line.
