     1	This is the first line.
     2	
     3	This is the third line.
     4	This is the fourth line.
     5	
     6	This is the sixth line.