     1	This is the first line.

     2	This is the third line.
     3	This is the fourth line.

     4	This is the sixth line.
